Initialisation of data for resume  in BASIC level
Cleaning old task
Checking for previously uncompleted execution
Fresh startup, nothing to clean
Storing initial state of a task
