Initialisation of data for resume  in BASIC level
Cleaning old task
Checking for previously uncompleted execution
Fresh startup, nothing to clean
Storing initial state of a task
Executing command `python3 /c/Users/bbosa/PycharmProjects/EasyVVUQ-QCGPJ/tests/app_cooling/cooling_model.py cooling_in.json` in /tmp/coolingh21ftrvr/runs/Run_6
Marking completion of task
