Executing easyvvuq_app python3 /c/Users/bbosa/PycharmProjects/EasyVVUQ-QCGPJ/tests/APP_COOLING/cooling_model.py cooling_in.json in directory /tmp/cooling64nwm83c/runs/Run_2
