Executing easyvvuq_app python3 /c/Users/bbosa/PycharmProjects/EasyVVUQ-QCGPJ/tests/APP_COOLING/cooling_model.py cooling_in.json in directory /tmp/coolingjzakgf8j/runs/Run_4
